I'm sorry, but errors were detected in your script. Please correct the
errors listed below, and try again.


File "game/after_surgery.rpy", line 42: Line is followed by a block, despite not being a menu choice. Did you forget a colon at the end of the line?
    "Certainly not look in it, if that's what you were asking."
                                                               ^

Ren'Py Version: Ren'Py 6.99.10.1227
